// Jest Snapshot v1, https://goo.gl/fbAQLP

exports[`snapshot 1`] = `
<header
  className="header"
>
  <div
    className="container"
  >
    <img
      className="logo"
      src="logo.png"
    />
  </div>
</header>
`;
