// Jest Snapshot v1, https://goo.gl/fbAQLP

exports[`Button should be render button with label Test 1`] = `
<button
  className="btn"
>
  Test
</button>
`;
